[dotenv@17.2.3] injecting env (7) from .env -- tip: ≡ƒöÉ prevent building .env in docker: https://dotenvx.com/prebuild
Testing WePay Connection via Proxy...
WEPAY_USERNAME: SET
WEPAY_PROXY_URL: SET
npx : WePay Request Error: AxiosError: Request failed with status code 
500
At line:1 char:1
+ npx tsx scripts/test-wepay-connection.ts > test-output.txt 2>&1
+ ~~~~~~~~~~~~~~~~~~~~~~~~~~~~~~~~~~~~~~~~~~~~~~~~~~~~~~~~~~~~~~~
    + CategoryInfo          : NotSpecified: (WePay Request E...status  
   code 500:String) [], RemoteException
    + FullyQualifiedErrorId : NativeCommandError
 
    at settle (C:\Users\sandy\.gemini\antigravity\playground\luminescen
t-comet\node_modules\axios\lib\core\settle.js:19:12)
    at IncomingMessage.handleStreamEnd (C:\Users\sandy\.gemini\antigrav
ity\playground\luminescent-comet\node_modules\axios\lib\adapters\http.j
s:793:11)
    at IncomingMessage.emit (node:events:531:35)
    at endReadableNT (node:internal/streams/readable:1696:12)
    at process.processTicksAndRejections 
(node:internal/process/task_queues:82:21)
    at Axios.request (C:\Users\sandy\.gemini\antigravity\playground\lum
inescent-comet\node_modules\axios\lib\core\Axios.js:45:41)
    at process.processTicksAndRejections 
(node:internal/process/task_queues:95:5)
    at Function.request (C:\Users\sandy\.gemini\antigravity\playground\
luminescent-comet\src\lib\wepay.ts:53:30)
    at Function.getBalance (C:\Users\sandy\.gemini\antigravity\playgrou
nd\luminescent-comet\src\lib\wepay.ts:62:21)
    at main (C:\Users\sandy\.gemini\antigravity\playground\luminescent-
comet\scripts\test-wepay-connection.ts:11:25) {
  code: 'ERR_BAD_RESPONSE',
  config: {
    transitional: {
      silentJSONParsing: true,
      forcedJSONParsing: true,
      clarifyTimeoutError: false
    },
    adapter: [ 'xhr', 'http', 'fetch' ],
    transformRequest: [ [Function: transformRequest] ],
    transformResponse: [ [Function: transformResponse] ],
    timeout: 0,
    xsrfCookieName: 'XSRF-TOKEN',
    xsrfHeaderName: 'X-XSRF-TOKEN',
    maxContentLength: -1,
    maxBodyLength: -1,
    env: { FormData: [Function], Blob: [class Blob] },
    validateStatus: [Function: validateStatus],
    headers: Object [AxiosHeaders] {
      Accept: 'application/json, text/plain, */*',
      'Content-Type': 'multipart/form-data; 
boundary=axios-1.13.2-boundary-b0__WA5z0HhxHlF3Q2E2zQj2u',
      'User-Agent': 'axios/1.13.2',
      'Content-Length': '403',
      'Accept-Encoding': 'gzip, compress, deflate, br'
    },
    httpsAgent: SocksProxyAgent {
      _events: [Object: null prototype],
      _eventsCount: 2,
      _maxListeners: undefined,
      options: [Object: null prototype],
      requests: [Object: null prototype] {},
      sockets: [Object: null prototype],
      freeSockets: [Object: null prototype] {},
      keepAliveMsecs: 1000,
      keepAlive: false,
      maxSockets: Infinity,
      maxFreeSockets: 256,
      scheduling: 'lifo',
      maxTotalSockets: Infinity,
      totalSocketCount: 1,
      shouldLookup: true,
      proxy: [Object],
      timeout: null,
      socketOptions: null,
      [Symbol(shapeMode)]: false,
      [Symbol(kCapture)]: false,
      [Symbol(AgentBaseInternalState)]: [Object]
    },
    httpAgent: SocksProxyAgent {
      _events: [Object: null prototype],
      _eventsCount: 2,
      _maxListeners: undefined,
      options: [Object: null prototype],
      requests: [Object: null prototype] {},
      sockets: [Object: null prototype],
      freeSockets: [Object: null prototype] {},
      keepAliveMsecs: 1000,
      keepAlive: false,
      maxSockets: Infinity,
      maxFreeSockets: 256,
      scheduling: 'lifo',
      maxTotalSockets: Infinity,
      totalSocketCount: 1,
      shouldLookup: true,
      proxy: [Object],
      timeout: null,
      socketOptions: null,
      [Symbol(shapeMode)]: false,
      [Symbol(kCapture)]: false,
      [Symbol(AgentBaseInternalState)]: [Object]
    },
    method: 'post',
    url: 'https://www.wepay.in.th/client_api.json.php',
    data: FormData {
      username: 'darkvinces1',
      password: '3570300427221sS!',
      type: 'balance_inquiry'
    },
    allowAbsoluteUrls: true
  },
  request: <ref *1> ClientRequest {
    _events: [Object: null prototype] {
      abort: [Function (anonymous)],
      aborted: [Function (anonymous)],
      connect: [Function (anonymous)],
      error: [Function (anonymous)],
      socket: [Function (anonymous)],
      timeout: [Function (anonymous)],
      finish: [Function: requestOnFinish]
    },
    _eventsCount: 7,
    _maxListeners: undefined,
    outputData: [],
    outputSize: 0,
    writable: true,
    destroyed: false,
    _last: true,
    chunkedEncoding: false,
    shouldKeepAlive: false,
    maxRequestsOnConnectionReached: false,
    _defaultKeepAlive: true,
    useChunkedEncodingByDefault: true,
    sendDate: false,
    _removedConnection: false,
    _removedContLen: false,
    _removedTE: false,
    strictContentLength: false,
    _contentLength: '403',
    _hasBody: true,
    _trailer: '',
    finished: true,
    _headerSent: true,
    _closed: false,
    socket: TLSSocket {
      _tlsOptions: [Object],
      _secureEstablished: true,
      _securePending: false,
      _newSessionPending: false,
      _controlReleased: true,
      secureConnecting: false,
      _SNICallback: null,
      servername: 'www.wepay.in.th',
      alpnProtocol: false,
      authorized: true,
      authorizationError: null,
      encrypted: true,
      _events: [Object: null prototype],
      _eventsCount: 9,
      connecting: false,
      _hadError: false,
      _parent: [Socket],
      _host: null,
      _closeAfterHandlingError: false,
      _readableState: [ReadableState],
      _writableState: [WritableState],
      allowHalfOpen: false,
      _maxListeners: undefined,
      _sockname: null,
      _pendingData: null,
      _pendingEncoding: '',
      server: undefined,
      _server: null,
      ssl: [TLSWrap],
      _requestCert: true,
      _rejectUnauthorized: true,
      parser: null,
      _httpMessage: [Circular *1],
      timeout: 0,
      [Symbol(alpncallback)]: null,
      [Symbol(res)]: [TLSWrap],
      [Symbol(verified)]: true,
      [Symbol(pendingSession)]: null,
      [Symbol(async_id_symbol)]: 120,
      [Symbol(kHandle)]: [TLSWrap],
      [Symbol(lastWriteQueueSize)]: 0,
      [Symbol(timeout)]: null,
      [Symbol(kBuffer)]: null,
      [Symbol(kBufferCb)]: null,
      [Symbol(kBufferGen)]: null,
      [Symbol(shapeMode)]: true,
      [Symbol(kCapture)]: false,
      [Symbol(kSetNoDelay)]: false,
      [Symbol(kSetKeepAlive)]: true,
      [Symbol(kSetKeepAliveInitialDelay)]: 60,
      [Symbol(kBytesRead)]: 0,
      [Symbol(kBytesWritten)]: 0,
      [Symbol(connect-options)]: [Object]
    },
    _header: 'POST /client_api.json.php HTTP/1.1\r\n' +
      'Accept: application/json, text/plain, */*\r\n' +
      'Content-Type: multipart/form-data; 
boundary=axios-1.13.2-boundary-b0__WA5z0HhxHlF3Q2E2zQj2u\r\n' +
      'User-Agent: axios/1.13.2\r\n' +
      'Content-Length: 403\r\n' +
      'Accept-Encoding: gzip, compress, deflate, br\r\n' +
      'Host: www.wepay.in.th\r\n' +
      'Connection: close\r\n' +
      '\r\n',
    _keepAliveTimeout: 0,
    _onPendingData: [Function: nop],
    agent: SocksProxyAgent {
      _events: [Object: null prototype],
      _eventsCount: 2,
      _maxListeners: undefined,
      options: [Object: null prototype],
      requests: [Object: null prototype] {},
      sockets: [Object: null prototype],
      freeSockets: [Object: null prototype] {},
      keepAliveMsecs: 1000,
      keepAlive: false,
      maxSockets: Infinity,
      maxFreeSockets: 256,
      scheduling: 'lifo',
      maxTotalSockets: Infinity,
      totalSocketCount: 1,
      shouldLookup: true,
      proxy: [Object],
      timeout: null,
      socketOptions: null,
      [Symbol(shapeMode)]: false,
      [Symbol(kCapture)]: false,
      [Symbol(AgentBaseInternalState)]: [Object]
    },
    socketPath: undefined,
    method: 'POST',
    maxHeaderSize: undefined,
    insecureHTTPParser: undefined,
    joinDuplicateHeaders: undefined,
    path: '/client_api.json.php',
    _ended: true,
    res: IncomingMessage {
      _events: [Object],
      _readableState: [ReadableState],
      _maxListeners: undefined,
      socket: [TLSSocket],
      httpVersionMajor: 1,
      httpVersionMinor: 1,
      httpVersion: '1.1',
      complete: true,
      rawHeaders: [Array],
      rawTrailers: [],
      joinDuplicateHeaders: undefined,
      aborted: false,
      upgrade: false,
      url: '',
      method: null,
      statusCode: 500,
      statusMessage: 'Internal Server Error',
      client: [TLSSocket],
      _consuming: false,
      _dumped: false,
      req: [Circular *1],
      _eventsCount: 4,
      responseUrl: 'https://www.wepay.in.th/client_api.json.php',
      redirects: [],
      [Symbol(shapeMode)]: true,
      [Symbol(kCapture)]: false,
      [Symbol(kHeaders)]: [Object],
      [Symbol(kHeadersCount)]: 16,
      [Symbol(kTrailers)]: null,
      [Symbol(kTrailersCount)]: 0
    },
    aborted: false,
    timeoutCb: null,
    upgradeOrConnect: false,
    parser: null,
    maxHeadersCount: null,
    reusedSocket: false,
    host: 'www.wepay.in.th',
    protocol: 'https:',
    _redirectable: Writable {
      _events: [Object],
      _writableState: [WritableState],
      _maxListeners: undefined,
      _options: [Object],
      _ended: true,
      _ending: true,
      _redirectCount: 0,
      _redirects: [],
      _requestBodyLength: 403,
      _requestBodyBuffers: [],
      _eventsCount: 6,
      _onNativeResponse: [Function (anonymous)],
      _currentRequest: [Circular *1],
      _currentUrl: 'https://www.wepay.in.th/client_api.json.php',
      _timeout: null,
      [Symbol(shapeMode)]: true,
      [Symbol(kCapture)]: false
    },
    [Symbol(shapeMode)]: false,
    [Symbol(kCapture)]: false,
    [Symbol(kBytesWritten)]: 0,
    [Symbol(kNeedDrain)]: false,
    [Symbol(corked)]: 0,
    [Symbol(kOutHeaders)]: [Object: null prototype] {
      accept: [Array],
      'content-type': [Array],
      'user-agent': [Array],
      'content-length': [Array],
      'accept-encoding': [Array],
      host: [Array]
    },
    [Symbol(errored)]: null,
    [Symbol(kHighWaterMark)]: 16384,
    [Symbol(kRejectNonStandardBodyWrites)]: false,
    [Symbol(kUniqueHeaders)]: null
  },
  response: {
    status: 500,
    statusText: 'Internal Server Error',
    headers: Object [AxiosHeaders] {
      date: 'Mon, 01 Dec 2025 18:03:37 GMT',
      'content-type': 'application/json;charset=utf-8',
      'content-length': '85',
      connection: 'close',
      server: 'cloudflare',
      'cf-cache-status': 'DYNAMIC',
      'cf-ray': '9a748095bb1cd00c-BKK',
      'alt-svc': 'h3=":443"; ma=86400'
    },
    config: {
      transitional: [Object],
      adapter: [Array],
      transformRequest: [Array],
      transformResponse: [Array],
      timeout: 0,
      xsrfCookieName: 'XSRF-TOKEN',
      xsrfHeaderName: 'X-XSRF-TOKEN',
      maxContentLength: -1,
      maxBodyLength: -1,
      env: [Object],
      validateStatus: [Function: validateStatus],
      headers: [Object [AxiosHeaders]],
      httpsAgent: [SocksProxyAgent],
      httpAgent: [SocksProxyAgent],
      method: 'post',
      url: 'https://www.wepay.in.th/client_api.json.php',
      data: FormData {
        username: 'darkvinces1',
        password: '3570300427221sS!',
        type: 'balance_inquiry'
      },
      allowAbsoluteUrls: true
    },
    request: <ref *1> ClientRequest {
      _events: [Object: null prototype],
      _eventsCount: 7,
      _maxListeners: undefined,
      outputData: [],
      outputSize: 0,
      writable: true,
      destroyed: false,
      _last: true,
      chunkedEncoding: false,
      shouldKeepAlive: false,
      maxRequestsOnConnectionReached: false,
      _defaultKeepAlive: true,
      useChunkedEncodingByDefault: true,
      sendDate: false,
      _removedConnection: false,
      _removedContLen: false,
      _removedTE: false,
      strictContentLength: false,
      _contentLength: '403',
      _hasBody: true,
      _trailer: '',
      finished: true,
      _headerSent: true,
      _closed: false,
      socket: [TLSSocket],
      _header: 'POST /client_api.json.php HTTP/1.1\r\n' +
        'Accept: application/json, text/plain, */*\r\n' +
        'Content-Type: multipart/form-data; 
boundary=axios-1.13.2-boundary-b0__WA5z0HhxHlF3Q2E2zQj2u\r\n' +
        'User-Agent: axios/1.13.2\r\n' +
        'Content-Length: 403\r\n' +
        'Accept-Encoding: gzip, compress, deflate, br\r\n' +
        'Host: www.wepay.in.th\r\n' +
        'Connection: close\r\n' +
        '\r\n',
      _keepAliveTimeout: 0,
      _onPendingData: [Function: nop],
      agent: [SocksProxyAgent],
      socketPath: undefined,
      method: 'POST',
      maxHeaderSize: undefined,
      insecureHTTPParser: undefined,
      joinDuplicateHeaders: undefined,
      path: '/client_api.json.php',
      _ended: true,
      res: [IncomingMessage],
      aborted: false,
      timeoutCb: null,
      upgradeOrConnect: false,
      parser: null,
      maxHeadersCount: null,
      reusedSocket: false,
      host: 'www.wepay.in.th',
      protocol: 'https:',
      _redirectable: [Writable],
      [Symbol(shapeMode)]: false,
      [Symbol(kCapture)]: false,
      [Symbol(kBytesWritten)]: 0,
      [Symbol(kNeedDrain)]: false,
      [Symbol(corked)]: 0,
      [Symbol(kOutHeaders)]: [Object: null prototype],
      [Symbol(errored)]: null,
      [Symbol(kHighWaterMark)]: 16384,
      [Symbol(kRejectNonStandardBodyWrites)]: false,
      [Symbol(kUniqueHeaders)]: null
    },
    data: {
      code: '20005',
      desc: 'IP address 147.50.230.21 is not allowed to use this 
service'
    }
  },
  status: 500
}
Connection Failed: Request failed with status code 500
Response Status: 500
Response Data: {
  code: '20005',
  desc: 'IP address 147.50.230.21 is not allowed to use this service'
}
